[quanticalabs.com/GymBase/Template/index9ba3.html]
[backblue.gif]
[fade.gif]
[index.html]
[quanticalabs.com/GymBase/Template/style/reset.css]
[quanticalabs.com/GymBase/Template/style/superfish.css]
[quanticalabs.com/GymBase/Template/style/fancybox/jquery.fancybox.css]
[quanticalabs.com/GymBase/Template/style/jquery.qtip.css]
[quanticalabs.com/GymBase/Template/style/style.css]
[quanticalabs.com/GymBase/Template/style/responsive.css]
[quanticalabs.com/ql_bar/style/style.css]
[quanticalabs.com/ql_bar/style/qpurchase.css]
[quanticalabs.com/GymBase/Template/images/header_logo.png]
[quanticalabs.com/GymBase/Template/images/slider/img1.jpg]
[quanticalabs.com/GymBase/Template/images/slider/img2.jpg]
[quanticalabs.com/GymBase/Template/images/slider/img3.jpg]
[quanticalabs.com/GymBase/Template/images/samples/blog_img3.jpg]
[quanticalabs.com/GymBase/Template/indexb878.html]
[quanticalabs.com/GymBase/Template/indexf6f2.html]
[quanticalabs.com/GymBase/Template/images/samples/classes_thumb1.jpg]
[quanticalabs.com/GymBase/Template/indexdd3d.html]
[quanticalabs.com/GymBase/Template/images/samples/classes_thumb2.jpg]
[quanticalabs.com/GymBase/Template/images/samples/classes_thumb3.jpg]
[quanticalabs.com/GymBase/Template/images/samples/classes_thumb4.jpg]
[quanticalabs.com/GymBase/Template/images/samples/classes_thumb5.jpg]
[quanticalabs.com/GymBase/Template/indexf608.html]
[quanticalabs.com/cdn-cgi/scripts/5c5dd728/cloudflare-static/email-decode.min.js]
[quanticalabs.com/GymBase/Template/js/jquery-3.6.0.min.js]
[quanticalabs.com/GymBase/Template/js/jquery.ba-bbq.min.js]
[quanticalabs.com/GymBase/Template/indexd590.html]
[quanticalabs.com/GymBase/Template/js/jquery-ui-1.12.1.custom.min.js]
[quanticalabs.com/GymBase/Template/js/jquery.easing.1.4.1.min.js]
[quanticalabs.com/GymBase/Template/js/jquery.carouFredSel-6.2.1-packed.js]
[quanticalabs.com/GymBase/Template/index53a6.html]
[quanticalabs.com/GymBase/Template/js/jquery.timeago.js]
[quanticalabs.com/GymBase/Template/js/jquery.hint.js]
[quanticalabs.com/GymBase/Template/js/jquery.isotope.min.js]
[quanticalabs.com/GymBase/Template/js/jquery.fancybox.js]
[quanticalabs.com/GymBase/Template/js/jquery.qtip.min.js]
[quanticalabs.com/GymBase/Template/js/jquery.blockUI.js]
[quanticalabs.com/GymBase/Template/js/main.js]
[quanticalabs.com/ql_bar/js/ql_bar.js]
[quanticalabs.com/GymBase/Template/index9ba3.html]
[quanticalabs.com/GymBase/Template/style/reset.css]
[quanticalabs.com/GymBase/Template/style/superfish.css]
[quanticalabs.com/GymBase/Template/style/fancybox/fancybox.png]
[quanticalabs.com/GymBase/Template/style/fancybox/blank.gif]
[quanticalabs.com/GymBase/Template/style/fancybox/fancybox-x.png]
[quanticalabs.com/GymBase/Template/style/fancybox/fancybox-y.png]
[quanticalabs.com/GymBase/Template/style/fancybox/fancy_title_over.png]
[quanticalabs.com/GymBase/Template/style/fancybox/fancybox/fancy_close.png]
[quanticalabs.com/GymBase/Template/style/fancybox/fancybox/fancy_nav_left.png]
[quanticalabs.com/GymBase/Template/style/fancybox/fancybox/fancy_nav_right.png]
[quanticalabs.com/GymBase/Template/style/fancybox/fancybox/fancy_title_over.png]
[quanticalabs.com/GymBase/Template/style/fancybox/fancybox/fancy_title_left.png]
[quanticalabs.com/GymBase/Template/style/fancybox/fancybox/fancy_title_main.png]
[quanticalabs.com/GymBase/Template/style/fancybox/fancybox/fancy_title_right.png]
[quanticalabs.com/GymBase/Template/style/fancybox/fancybox/fancy_loading.png]
[quanticalabs.com/GymBase/Template/style/fancybox/fancybox/fancy_shadow_n.png]
[quanticalabs.com/GymBase/Template/style/fancybox/fancybox/fancy_shadow_ne.png]
[quanticalabs.com/GymBase/Template/style/fancybox/fancybox/fancy_shadow_e.png]
[quanticalabs.com/GymBase/Template/style/fancybox/fancybox/fancy_shadow_se.png]
[quanticalabs.com/GymBase/Template/style/fancybox/fancybox/fancy_shadow_s.png]
[quanticalabs.com/GymBase/Template/style/fancybox/fancybox/fancy_shadow_sw.png]
[quanticalabs.com/GymBase/Template/style/fancybox/fancybox/fancy_shadow_w.png]
[quanticalabs.com/GymBase/Template/style/fancybox/fancybox/fancy_shadow_nw.png]
[quanticalabs.com/GymBase/Template/style/fancybox/jquery.fancybox.css]
[quanticalabs.com/GymBase/Template/style/jquery.qtip.css]
[quanticalabs.com/GymBase/Template/images/header_submenu_arrow.png]
[quanticalabs.com/GymBase/Template/images/icon_arrow_left_black.png]
[quanticalabs.com/GymBase/Template/images/icon_arrow_right_black.png]
[quanticalabs.com/GymBase/Template/images/icon_arrow_margin_right_black.png]
[quanticalabs.com/GymBase/Template/images/icon_arrow_left_white.png]
[quanticalabs.com/GymBase/Template/images/icon_arrow_margin_right_white.png]
[quanticalabs.com/GymBase/Template/images/icon_arrow_right_white.png]
[quanticalabs.com/GymBase/Template/images/icon_arrow_top_white.png]
[quanticalabs.com/GymBase/Template/images/icon_arrow_top_black.png]
[quanticalabs.com/GymBase/Template/images/icon_clock_green.png]
[quanticalabs.com/GymBase/Template/images/icon_clock_black.png]
[quanticalabs.com/GymBase/Template/images/icon_card_green.png]
[quanticalabs.com/GymBase/Template/images/icon_card_white.png]
[quanticalabs.com/GymBase/Template/images/banner_icon_calendar.png]
[quanticalabs.com/GymBase/Template/images/banner_icon_hand.png]
[quanticalabs.com/GymBase/Template/images/banner_icon_note.png]
[quanticalabs.com/GymBase/Template/images/banner_icon_phone.png]
[quanticalabs.com/GymBase/Template/images/social_icon_facebook.png]
[quanticalabs.com/GymBase/Template/images/social_icon_googleplus.png]
[quanticalabs.com/GymBase/Template/images/social_icon_skype.png]
[quanticalabs.com/GymBase/Template/images/social_icon_twitter.png]
[quanticalabs.com/GymBase/Template/images/preloader.gif]
[quanticalabs.com/GymBase/Template/images/icon_post_author.png]
[quanticalabs.com/GymBase/Template/images/icon_accordion_arrow_down.png]
[quanticalabs.com/GymBase/Template/images/icon_accordion_arrow_up.png]
[quanticalabs.com/GymBase/Template/images/dotted_line.png]
[quanticalabs.com/GymBase/Template/images/icon_tip.png]
[quanticalabs.com/GymBase/Template/images/tooltip_arrow.png]
[quanticalabs.com/GymBase/Template/images/thumb_details.png]
[quanticalabs.com/GymBase/Template/images/thumb_image.png]
[quanticalabs.com/GymBase/Template/images/thumb_video.png]
[quanticalabs.com/GymBase/Template/images/navigation_more.png]
[quanticalabs.com/GymBase/Template/images/navigation_close.png]
[quanticalabs.com/GymBase/Template/images/navigation_previous.png]
[quanticalabs.com/GymBase/Template/images/navigation_next.png]
[quanticalabs.com/GymBase/Template/images/icon_contact_phone.png]
[quanticalabs.com/GymBase/Template/images/icon_contact_fax.png]
[quanticalabs.com/GymBase/Template/images/icon_contact_mail.png]
[quanticalabs.com/GymBase/Template/images/cssawards_featured_dark.png]
[quanticalabs.com/GymBase/Template/style/style.css]
[quanticalabs.com/GymBase/Template/images/mobile_navigation_more.png]
[quanticalabs.com/GymBase/Template/images/mobile_navigation_previous.png]
[quanticalabs.com/GymBase/Template/images/mobile_navigation_next.png]
[quanticalabs.com/GymBase/Template/images/mobile_navigation_close.png]
[quanticalabs.com/GymBase/Template/style/responsive.css]
[quanticalabs.com/ql_bar/style/style.css]
[quanticalabs.com/ql_bar/style/qpurchase.css]
[quanticalabs.com/ql_bar/style/quanticalabs.svg]
[quanticalabs.com/GymBase/Template/images/samples/blog_img1.jpg]
[quanticalabs.com/GymBase/Template/indexf6f2.html]
[quanticalabs.com/GymBase/Template/images/samples/img10.jpg]
[quanticalabs.com/GymBase/Template/indexb878.html]
[quanticalabs.com/GymBase/Template/images/samples/blog_img2.jpg]
[quanticalabs.com/GymBase/Template/indexdd3d.html]
[quanticalabs.com/GymBase/Template/indexf608.html]
[quanticalabs.com/GymBase/Template/images/samples/gallery_img1.jpg]
[quanticalabs.com/GymBase/Template/images/samples/gallery_img2.jpg]
[quanticalabs.com/GymBase/Template/images/samples/gallery_img3.jpg]
[quanticalabs.com/GymBase/Template/images/samples/gallery_img4.jpg]
[quanticalabs.com/GymBase/Template/images/samples/gallery_img5.jpg]
[quanticalabs.com/GymBase/Template/images/samples/gallery_img6.jpg]
[quanticalabs.com/GymBase/Template/images/samples/gallery_img7.jpg]
[quanticalabs.com/GymBase/Template/images/samples/gallery_img8.jpg]
[quanticalabs.com/GymBase/Template/images/samples/gallery_img9.jpg]
[quanticalabs.com/GymBase/Template/images/samples/gallery_img10.jpg]
[quanticalabs.com/GymBase/Template/images/samples/gallery_thumb1.jpg]
[quanticalabs.com/GymBase/Template/images/samples/img1.jpg]
[quanticalabs.com/GymBase/Template/images/samples/gallery_thumb2.jpg]
[quanticalabs.com/GymBase/Template/images/samples/img2.jpg]
[quanticalabs.com/GymBase/Template/images/samples/gallery_thumb3.jpg]
[quanticalabs.com/GymBase/Template/images/samples/img3.jpg]
[quanticalabs.com/GymBase/Template/images/samples/gallery_thumb4.jpg]
[quanticalabs.com/GymBase/Template/images/samples/img4.jpg]
[quanticalabs.com/GymBase/Template/images/samples/gallery_thumb5.jpg]
[quanticalabs.com/GymBase/Template/images/samples/img5.jpg]
[quanticalabs.com/GymBase/Template/images/samples/gallery_thumb6.jpg]
[quanticalabs.com/GymBase/Template/images/samples/gallery_thumb7.jpg]
[quanticalabs.com/GymBase/Template/images/samples/gallery_thumb8.jpg]
[quanticalabs.com/GymBase/Template/images/samples/img8.jpg]
[quanticalabs.com/GymBase/Template/images/samples/gallery_thumb9.jpg]
[quanticalabs.com/GymBase/Template/images/samples/img9.jpg]
[quanticalabs.com/GymBase/Template/indexd590.html]
[quanticalabs.com/GymBase/Template/images/samples/gallery_thumb10.jpg]
[quanticalabs.com/GymBase/Template/images/samples/img6.jpg]
[quanticalabs.com/GymBase/Template/index53a6.html]
[quanticalabs.com/GymBase/Template/style/fancybox/fancybox/fancy_close.html]
[quanticalabs.com/GymBase/Template/style/fancybox/fancybox/fancy_nav_left.html]
[quanticalabs.com/GymBase/Template/style/fancybox/fancybox/fancy_nav_right.html]
[quanticalabs.com/GymBase/Template/style/fancybox/fancybox/fancy_title_over.html]
[quanticalabs.com/GymBase/Template/style/fancybox/fancybox/fancy_title_left.html]
[quanticalabs.com/GymBase/Template/style/fancybox/fancybox/fancy_title_main.html]
[quanticalabs.com/GymBase/Template/style/fancybox/fancybox/fancy_title_right.html]
[quanticalabs.com/GymBase/Template/style/fancybox/fancybox/fancy_loading.html]
[quanticalabs.com/GymBase/Template/style/fancybox/fancybox/fancy_shadow_n.html]
[quanticalabs.com/GymBase/Template/style/fancybox/fancybox/fancy_shadow_ne.html]
[quanticalabs.com/GymBase/Template/style/fancybox/fancybox/fancy_shadow_e.html]
[quanticalabs.com/GymBase/Template/style/fancybox/fancybox/fancy_shadow_se.html]
[quanticalabs.com/GymBase/Template/style/fancybox/fancybox/fancy_shadow_s.html]
[quanticalabs.com/GymBase/Template/style/fancybox/fancybox/fancy_shadow_sw.html]
[quanticalabs.com/GymBase/Template/style/fancybox/fancybox/fancy_shadow_w.html]
[quanticalabs.com/GymBase/Template/style/fancybox/fancybox/fancy_shadow_nw.html]
[quanticalabs.com/ql_bar/style/quanticalabs.svg]
